src/middleware/auth.ts(8,17): error TS7030: Not all code paths return a value.
src/middleware/auth.ts(87,52): error TS6133: 'res' is declared but its value is never read.
src/middleware/rbac.ts(9,10): error TS7030: Not all code paths return a value.
src/middleware/tenant.ts(25,17): error TS7030: Not all code paths return a value.
src/modules/auth/auth.controller.ts(10,9): error TS7030: Not all code paths return a value.
src/modules/auth/auth.controller.ts(62,9): error TS7030: Not all code paths return a value.
src/modules/auth/auth.controller.ts(106,9): error TS7030: Not all code paths return a value.
src/modules/auth/auth.controller.ts(144,9): error TS7030: Not all code paths return a value.
src/modules/expenses/expenses.service.ts(40,11): error TS2353: Object literal may only specify known properties, and 'createdByUser' does not exist in type 'ExpenseInclude<DefaultArgs>'.
src/modules/expenses/expenses.service.ts(73,9): error TS2353: Object literal may only specify known properties, and 'createdByUser' does not exist in type 'ExpenseInclude<DefaultArgs>'.
src/modules/expenses/expenses.service.ts(95,7): error TS2322: Type '{ tenantId: string; category: "OTHER" | "RENT" | "SALARIES" | "UTILITIES" | "MAINTENANCE" | "SUPPLIES" | "MARKETING"; amount: number; date: Date; description: string; paymentMethod: "CASH" | ... 2 more ... | "PREPAID_CREDIT"; createdBy: string; }' is not assignable to type '(Without<ExpenseCreateInput, ExpenseUncheckedCreateInput> & ExpenseUncheckedCreateInput) | (Without<...> & ExpenseCreateInput)'.
  Type '{ tenantId: string; category: "OTHER" | "RENT" | "SALARIES" | "UTILITIES" | "MAINTENANCE" | "SUPPLIES" | "MARKETING"; amount: number; date: Date; description: string; paymentMethod: "CASH" | ... 2 more ... | "PREPAID_CREDIT"; createdBy: string; }' is not assignable to type 'Without<ExpenseCreateInput, ExpenseUncheckedCreateInput> & ExpenseUncheckedCreateInput'.
    Type '{ tenantId: string; category: "OTHER" | "RENT" | "SALARIES" | "UTILITIES" | "MAINTENANCE" | "SUPPLIES" | "MARKETING"; amount: number; date: Date; description: string; paymentMethod: "CASH" | ... 2 more ... | "PREPAID_CREDIT"; createdBy: string; }' is missing the following properties from type 'ExpenseUncheckedCreateInput': id, updatedAt
src/modules/expenses/expenses.service.ts(105,9): error TS2353: Object literal may only specify known properties, and 'createdByUser' does not exist in type 'ExpenseInclude<DefaultArgs>'.
src/modules/expenses/expenses.service.ts(149,9): error TS2353: Object literal may only specify known properties, and 'createdByUser' does not exist in type 'ExpenseInclude<DefaultArgs>'.
src/modules/progress-reports/progress-reports.service.ts(41,11): error TS2561: Object literal may only specify known properties, but 'patient' does not exist in type 'ProgressReportInclude<DefaultArgs>'. Did you mean to write 'Patient'?
src/modules/progress-reports/progress-reports.service.ts(92,9): error TS2561: Object literal may only specify known properties, but 'patient' does not exist in type 'ProgressReportInclude<DefaultArgs>'. Did you mean to write 'Patient'?
src/modules/progress-reports/progress-reports.service.ts(185,7): error TS2322: Type '{ tenantId: string; patientId: string; therapistId: string; sessionId: string | null; reportDate: Date; notes: string; }' is not assignable to type '(Without<ProgressReportCreateInput, ProgressReportUncheckedCreateInput> & ProgressReportUncheckedCreateInput) | (Without<...> & ProgressReportCreateInput)'.
  Type '{ tenantId: string; patientId: string; therapistId: string; sessionId: string | null; reportDate: Date; notes: string; }' is not assignable to type 'Without<ProgressReportCreateInput, ProgressReportUncheckedCreateInput> & ProgressReportUncheckedCreateInput'.
    Type '{ tenantId: string; patientId: string; therapistId: string; sessionId: string | null; reportDate: Date; notes: string; }' is missing the following properties from type 'ProgressReportUncheckedCreateInput': id, updatedAt
src/modules/progress-reports/progress-reports.service.ts(194,9): error TS2561: Object literal may only specify known properties, but 'patient' does not exist in type 'ProgressReportInclude<DefaultArgs>'. Did you mean to write 'Patient'?
src/modules/progress-reports/progress-reports.service.ts(259,9): error TS2561: Object literal may only specify known properties, but 'patient' does not exist in type 'ProgressReportInclude<DefaultArgs>'. Did you mean to write 'Patient'?
src/modules/progress-reports/progress-reports.service.ts(315,11): error TS2353: Object literal may only specify known properties, and 'therapist' does not exist in type 'ProgressReportInclude<DefaultArgs>'.
src/modules/progress-reports/progress-reports.service.ts(378,11): error TS2561: Object literal may only specify known properties, but 'patient' does not exist in type 'ProgressReportInclude<DefaultArgs>'. Did you mean to write 'Patient'?
src/modules/reports/reports.service.ts(138,9): error TS2561: Object literal may only specify known properties, but 'therapyType' does not exist in type 'SessionSelect<DefaultArgs>'. Did you mean to write 'TherapyType'?
src/modules/reports/reports.service.ts(149,32): error TS2551: Property 'therapyType' does not exist on type '{ status: SessionStatus; tenantId: string; id: string; createdAt: Date; updatedAt: Date; patientId: string; therapistId: string; therapyTypeId: string; scheduledDate: Date; ... 4 more ...; cancelReason: string | null; }'. Did you mean 'therapyTypeId'?
src/modules/reports/reports.service.ts(301,9): error TS2561: Object literal may only specify known properties, but 'patient' does not exist in type 'SessionInclude<DefaultArgs>'. Did you mean to write 'Patient'?
src/modules/reports/reports.service.ts(337,40): error TS2551: Property 'therapist' does not exist on type '{ status: SessionStatus; tenantId: string; id: string; createdAt: Date; updatedAt: Date; patientId: string; therapistId: string; therapyTypeId: string; scheduledDate: Date; ... 4 more ...; cancelReason: string | null; }'. Did you mean 'therapistId'?
src/modules/reports/reports.service.ts(337,71): error TS2551: Property 'therapist' does not exist on type '{ status: SessionStatus; tenantId: string; id: string; createdAt: Date; updatedAt: Date; patientId: string; therapistId: string; therapyTypeId: string; scheduledDate: Date; ... 4 more ...; cancelReason: string | null; }'. Did you mean 'therapistId'?
src/modules/reports/reports.service.ts(362,32): error TS2551: Property 'therapyType' does not exist on type '{ status: SessionStatus; tenantId: string; id: string; createdAt: Date; updatedAt: Date; patientId: string; therapistId: string; therapyTypeId: string; scheduledDate: Date; ... 4 more ...; cancelReason: string | null; }'. Did you mean 'therapyTypeId'?
src/modules/reschedule-requests/reschedule-requests.service.ts(37,11): error TS2561: Object literal may only specify known properties, but 'session' does not exist in type 'RescheduleRequestInclude<DefaultArgs>'. Did you mean to write 'Session'?
src/modules/reschedule-requests/reschedule-requests.service.ts(94,9): error TS2561: Object literal may only specify known properties, but 'session' does not exist in type 'RescheduleRequestInclude<DefaultArgs>'. Did you mean to write 'Session'?
src/modules/reschedule-requests/reschedule-requests.service.ts(190,7): error TS2322: Type '{ tenantId: string; sessionId: string; therapistId: string; requestedDate: Date; requestedTime: string; reason: string; status: "PENDING"; }' is not assignable to type '(Without<RescheduleRequestCreateInput, RescheduleRequestUncheckedCreateInput> & RescheduleRequestUncheckedCreateInput) | (Without<...> & RescheduleRequestCreateInput)'.
  Type '{ tenantId: string; sessionId: string; therapistId: string; requestedDate: Date; requestedTime: string; reason: string; status: "PENDING"; }' is not assignable to type 'Without<RescheduleRequestCreateInput, RescheduleRequestUncheckedCreateInput> & RescheduleRequestUncheckedCreateInput'.
    Type '{ tenantId: string; sessionId: string; therapistId: string; requestedDate: Date; requestedTime: string; reason: string; status: "PENDING"; }' is missing the following properties from type 'RescheduleRequestUncheckedCreateInput': id, updatedAt
src/modules/reschedule-requests/reschedule-requests.service.ts(200,9): error TS2561: Object literal may only specify known properties, but 'session' does not exist in type 'RescheduleRequestInclude<DefaultArgs>'. Did you mean to write 'Session'?
src/modules/reschedule-requests/reschedule-requests.service.ts(246,9): error TS2561: Object literal may only specify known properties, but 'session' does not exist in type 'RescheduleRequestInclude<DefaultArgs>'. Did you mean to write 'Session'?
src/modules/reschedule-requests/reschedule-requests.service.ts(268,9): error TS2561: Object literal may only specify known properties, but 'session' does not exist in type 'RescheduleRequestInclude<DefaultArgs>'. Did you mean to write 'Session'?
src/modules/reschedule-requests/reschedule-requests.service.ts(351,9): error TS2561: Object literal may only specify known properties, but 'session' does not exist in type 'RescheduleRequestInclude<DefaultArgs>'. Did you mean to write 'Session'?
src/modules/reschedule-requests/reschedule-requests.service.ts(420,9): error TS2561: Object literal may only specify known properties, but 'session' does not exist in type 'RescheduleRequestInclude<DefaultArgs>'. Did you mean to write 'Session'?
src/modules/sessions/session-payments.service.ts(18,35): error TS2339: Property 'sessionPayment' does not exist on type 'PrismaClient<{ log: ({ level: "query"; emit: "event"; } | { level: "error"; emit: "stdout"; } | { level: "warn"; emit: "stdout"; })[]; }, "query", DefaultArgs>'.
src/modules/sessions/session-payments.service.ts(27,40): error TS7006: Parameter 'sum' implicitly has an 'any' type.
src/modules/sessions/session-payments.service.ts(27,45): error TS7006: Parameter 'payment' implicitly has an 'any' type.
src/modules/sessions/session-payments.service.ts(28,39): error TS7006: Parameter 'sum' implicitly has an 'any' type.
src/modules/sessions/session-payments.service.ts(28,44): error TS7006: Parameter 'payment' implicitly has an 'any' type.
src/modules/sessions/session-payments.service.ts(54,9): error TS2561: Object literal may only specify known properties, but 'patient' does not exist in type 'SessionInclude<DefaultArgs>'. Did you mean to write 'Patient'?
src/modules/sessions/session-payments.service.ts(64,31): error TS2339: Property 'sessionPayments' does not exist on type '{ status: SessionStatus; tenantId: string; id: string; createdAt: Date; updatedAt: Date; patientId: string; therapistId: string; therapyTypeId: string; scheduledDate: Date; ... 4 more ...; cancelReason: string | null; }'.
src/modules/sessions/session-payments.service.ts(65,8): error TS7006: Parameter 'sum' implicitly has an 'any' type.
src/modules/sessions/session-payments.service.ts(65,13): error TS7006: Parameter 'payment' implicitly has an 'any' type.
src/modules/sessions/session-payments.service.ts(82,34): error TS2339: Property 'sessionPayment' does not exist on type 'PrismaClient<{ log: ({ level: "query"; emit: "event"; } | { level: "error"; emit: "stdout"; } | { level: "warn"; emit: "stdout"; })[]; }, "query", DefaultArgs>'.
src/modules/sessions/session-payments.service.ts(111,19): error TS2339: Property 'sessionPayments' does not exist on type '{ status: SessionStatus; tenantId: string; id: string; createdAt: Date; updatedAt: Date; patientId: string; therapistId: string; therapyTypeId: string; scheduledDate: Date; ... 4 more ...; cancelReason: string | null; }'.
src/modules/sessions/session-payments.service.ts(144,9): error TS2353: Object literal may only specify known properties, and 'sessionPayments' does not exist in type 'SessionInclude<DefaultArgs>'.
src/modules/sessions/session-payments.service.ts(153,31): error TS2339: Property 'sessionPayments' does not exist on type '{ status: SessionStatus; tenantId: string; id: string; createdAt: Date; updatedAt: Date; patientId: string; therapistId: string; therapyTypeId: string; scheduledDate: Date; ... 4 more ...; cancelReason: string | null; }'.
src/modules/sessions/session-payments.service.ts(154,8): error TS7006: Parameter 'sum' implicitly has an 'any' type.
src/modules/sessions/session-payments.service.ts(154,13): error TS7006: Parameter 'payment' implicitly has an 'any' type.
src/modules/sessions/session-payments.service.ts(166,31): error TS2339: Property 'paidWithCredit' does not exist on type '{ status: SessionStatus; tenantId: string; id: string; createdAt: Date; updatedAt: Date; patientId: string; therapistId: string; therapyTypeId: string; scheduledDate: Date; ... 4 more ...; cancelReason: string | null; }'.
src/modules/sessions/session-payments.service.ts(167,29): error TS2339: Property 'sessionPayments' does not exist on type '{ status: SessionStatus; tenantId: string; id: string; createdAt: Date; updatedAt: Date; patientId: string; therapistId: string; therapyTypeId: string; scheduledDate: Date; ... 4 more ...; cancelReason: string | null; }'.
src/modules/sessions/sessions.service.ts(901,17): error TS6133: 'checkSchedulingConflict' is declared but its value is never read.
src/modules/therapist-dashboard/therapist-dashboard.service.ts(37,9): error TS2561: Object literal may only specify known properties, but 'patient' does not exist in type 'SessionInclude<DefaultArgs>'. Did you mean to write 'Patient'?
src/modules/therapist-dashboard/therapist-dashboard.service.ts(153,9): error TS2561: Object literal may only specify known properties, but 'patient' does not exist in type 'SessionInclude<DefaultArgs>'. Did you mean to write 'Patient'?
src/modules/therapist-dashboard/therapist-dashboard.service.ts(222,13): error TS2561: Object literal may only specify known properties, but 'sessions' does not exist in type 'PatientCountOutputTypeSelect<DefaultArgs>'. Did you mean to write 'Session'?
src/modules/therapist-dashboard/therapist-dashboard.service.ts(259,9): error TS2561: Object literal may only specify known properties, but 'patient' does not exist in type 'SessionInclude<DefaultArgs>'. Did you mean to write 'Patient'?
src/modules/therapist-dashboard/therapist-dashboard.service.ts(303,9): error TS2561: Object literal may only specify known properties, but 'patient' does not exist in type 'SessionInclude<DefaultArgs>'. Did you mean to write 'Patient'?
src/modules/therapist-dashboard/therapist-dashboard.service.ts(368,9): error TS2561: Object literal may only specify known properties, but 'patient' does not exist in type 'SessionInclude<DefaultArgs>'. Did you mean to write 'Patient'?
src/modules/therapist-dashboard/therapist-dashboard.service.ts(387,9): error TS2322: Type '{ tenantId: string; sessionId: string; patientId: string; therapistId: string; reportDate: Date; notes: string; }' is not assignable to type '(Without<ProgressReportCreateInput, ProgressReportUncheckedCreateInput> & ProgressReportUncheckedCreateInput) | (Without<...> & ProgressReportCreateInput)'.
  Type '{ tenantId: string; sessionId: string; patientId: string; therapistId: string; reportDate: Date; notes: string; }' is not assignable to type 'Without<ProgressReportCreateInput, ProgressReportUncheckedCreateInput> & ProgressReportUncheckedCreateInput'.
    Type '{ tenantId: string; sessionId: string; patientId: string; therapistId: string; reportDate: Date; notes: string; }' is missing the following properties from type 'ProgressReportUncheckedCreateInput': id, updatedAt
src/modules/therapist-dashboard/therapist-dashboard.service.ts(427,9): error TS2561: Object literal may only specify known properties, but 'patient' does not exist in type 'SessionInclude<DefaultArgs>'. Did you mean to write 'Patient'?
src/modules/therapy-types/therapy-types.service.ts(83,7): error TS2322: Type '{ tenantId: string; name: string; description: string | null; defaultDuration: number; defaultCost: number; active: true; }' is not assignable to type '(Without<TherapyTypeCreateInput, TherapyTypeUncheckedCreateInput> & TherapyTypeUncheckedCreateInput) | (Without<...> & TherapyTypeCreateInput)'.
  Type '{ tenantId: string; name: string; description: string | null; defaultDuration: number; defaultCost: number; active: true; }' is not assignable to type 'Without<TherapyTypeCreateInput, TherapyTypeUncheckedCreateInput> & TherapyTypeUncheckedCreateInput'.
    Type '{ tenantId: string; name: string; description: string | null; defaultDuration: number; defaultCost: number; active: true; }' is missing the following properties from type 'TherapyTypeUncheckedCreateInput': id, updatedAt
src/modules/therapy-types/therapy-types.service.ts(187,28): error TS2551: Property 'sessions' does not exist on type '{ Session: number; }'. Did you mean 'Session'?
src/modules/users/users.controller.ts(40,11): error TS7030: Not all code paths return a value.
src/modules/users/users.controller.ts(77,11): error TS7030: Not all code paths return a value.
src/modules/users/users.controller.ts(170,11): error TS7030: Not all code paths return a value.
src/modules/users/users.controller.ts(232,11): error TS7030: Not all code paths return a value.
src/modules/users/users.controller.ts(283,11): error TS7030: Not all code paths return a value.
src/server.ts(52,27): error TS6133: 'req' is declared but its value is never read.
src/server.ts(82,21): error TS6133: 'req' is declared but its value is never read.
src/server.ts(148,67): error TS6133: 'next' is declared but its value is never read.
src/utils/pricing.ts(62,13): error TS2561: Object literal may only specify known properties, but 'therapyType' does not exist in type 'TherapistPricingInclude<DefaultArgs>'. Did you mean to write 'TherapyType'?
